// Jest Snapshot v1, https://goo.gl/fbAQLP

exports[`Other Projects tests Projects exists properly 1`] = `
<div
  className="container-fluid section projects"
>
  <div
    className="row"
  >
    <div
      className="col section-header"
    >
      Other Projects
    </div>
  </div>
  <div
    className="row project-name"
    onClick={[Function]}
  >
    <div
      className="col-md project"
    >
      Ran the Atlantis Marathon
    </div>
    <div
      className="col-md-2 oneline"
    >
      <a
        href="http://atlantis-marathon.com"
        onClick={[Function]}
        target="_blank"
      >
         
        http://atlantis-marathon.com
      </a>
    </div>
    <div
      className="col-md date order-sm-last"
    >
      <div
        className="float-right"
      >
        2013
      </div>
    </div>
  </div>
  <div
    className="row"
  >
    <div
      className="col"
    >
      This is where I'll put things that may be relevant to the job, or may be just something I want to brag about.
    </div>
  </div>
  <div
    className="row"
  >
    <div
      className="col"
    >
      Skills used: 
      <span
        className="tech"
      >
        Tech I know
      </span>
    </div>
  </div>
</div>
`;
