// Jest Snapshot v1, https://goo.gl/fbAQLP

exports[`Education tests Summary exists properly 1`] = `
<div
  className="container-fluid section"
>
  <div
    className="row"
  >
    <div
      className="col section-header"
    >
      Summary
    </div>
  </div>
  <div
    className="row"
  >
    <div
      className="col"
    >
      <p>
        As you can see, I am able to walk on water while playing the ukelele.
      </p>
      <p>
        Your summary section should sum you up. Type in whatever is useful and interesting here to sell yourself.
      </p>
      <p>
        Each value in the array goes into a new paragraph.
      </p>
      <p>
        Tell the employer what they want to know! Don't be afraid to use filters to make a custom resume tailored to a job!
      </p>
    </div>
  </div>
</div>
`;
